{
  "29": {
    "node_id": 29,
    "node_type": "InsertIntoHadoopFsRelationCommand",
    "child_nodes": [],
    "whole_stage_codegen_id": null,
    "accumulators": null,
    "details": null
  },
  "28": {
    "node_id": 28,
    "node_type": "WriteFiles",
    "child_nodes": [
      29
    ],
    "whole_stage_codegen_id": null,
    "accumulators": null,
    "details": null
  },
  "27": {
    "node_id": 27,
    "node_type": "TakeOrderedAndProject",
    "child_nodes": [
      28
    ],
    "whole_stage_codegen_id": null,
    "accumulators": null,
    "details": null
  },
  "26": {
    "node_id": 26,
    "node_type": "HashAggregate",
    "child_nodes": [
      27
    ],
    "whole_stage_codegen_id": null,
    "accumulators": null,
    "details": null
  },
  "25": {
    "node_id": 25,
    "node_type": "AQEShuffleRead",
    "child_nodes": [
      26
    ],
    "whole_stage_codegen_id": null,
    "accumulators": null,
    "details": null
  },
  "24": {
    "node_id": 24,
    "node_type": "ShuffleQueryStage",
    "child_nodes": [
      25
    ],
    "whole_stage_codegen_id": null,
    "accumulators": null,
    "details": null
  },
  "23": {
    "node_id": 23,
    "node_type": "Exchange",
    "child_nodes": [
      24
    ],
    "whole_stage_codegen_id": null,
    "accumulators": null,
    "details": null
  },
  "22": {
    "node_id": 22,
    "node_type": "HashAggregate",
    "child_nodes": [
      23
    ],
    "whole_stage_codegen_id": null,
    "accumulators": null,
    "details": null
  },
  "21": {
    "node_id": 21,
    "node_type": "Project",
    "child_nodes": [
      22
    ],
    "whole_stage_codegen_id": null,
    "accumulators": null,
    "details": null
  },
  "20": {
    "node_id": 20,
    "node_type": "BroadcastHashJoin",
    "child_nodes": [
      21
    ],
    "whole_stage_codegen_id": null,
    "accumulators": null,
    "details": null
  },
  "2": {
    "node_id": 2,
    "node_type": "ColumnarToRow",
    "child_nodes": [
      20
    ],
    "whole_stage_codegen_id": null,
    "accumulators": null,
    "details": null
  },
  "1": {
    "node_id": 1,
    "node_type": "Scan",
    "child_nodes": [
      2
    ],
    "whole_stage_codegen_id": null,
    "accumulators": null,
    "details": null
  },
  "19": {
    "node_id": 19,
    "node_type": "BroadcastQueryStage",
    "child_nodes": [
      20
    ],
    "whole_stage_codegen_id": null,
    "accumulators": null,
    "details": null
  },
  "18": {
    "node_id": 18,
    "node_type": "BroadcastExchange",
    "child_nodes": [
      19
    ],
    "whole_stage_codegen_id": null,
    "accumulators": null,
    "details": null
  },
  "17": {
    "node_id": 17,
    "node_type": "Filter",
    "child_nodes": [
      18
    ],
    "whole_stage_codegen_id": null,
    "accumulators": null,
    "details": null
  },
  "16": {
    "node_id": 16,
    "node_type": "GlobalLimit",
    "child_nodes": [
      17
    ],
    "whole_stage_codegen_id": null,
    "accumulators": null,
    "details": null
  },
  "15": {
    "node_id": 15,
    "node_type": "ShuffleQueryStage",
    "child_nodes": [
      16
    ],
    "whole_stage_codegen_id": null,
    "accumulators": null,
    "details": null
  },
  "14": {
    "node_id": 14,
    "node_type": "Exchange",
    "child_nodes": [
      15
    ],
    "whole_stage_codegen_id": null,
    "accumulators": null,
    "details": null
  },
  "13": {
    "node_id": 13,
    "node_type": "LocalLimit",
    "child_nodes": [
      14
    ],
    "whole_stage_codegen_id": null,
    "accumulators": null,
    "details": null
  },
  "12": {
    "node_id": 12,
    "node_type": "Union",
    "child_nodes": [
      13
    ],
    "whole_stage_codegen_id": null,
    "accumulators": null,
    "details": null
  },
  "5": {
    "node_id": 5,
    "node_type": "LocalLimit",
    "child_nodes": [
      12
    ],
    "whole_stage_codegen_id": null,
    "accumulators": null,
    "details": null
  },
  "4": {
    "node_id": 4,
    "node_type": "ColumnarToRow",
    "child_nodes": [
      5
    ],
    "whole_stage_codegen_id": null,
    "accumulators": null,
    "details": null
  },
  "3": {
    "node_id": 3,
    "node_type": "Scan",
    "child_nodes": [
      4
    ],
    "whole_stage_codegen_id": null,
    "accumulators": null,
    "details": null
  },
  "8": {
    "node_id": 8,
    "node_type": "LocalLimit",
    "child_nodes": [
      12
    ],
    "whole_stage_codegen_id": null,
    "accumulators": null,
    "details": null
  },
  "7": {
    "node_id": 7,
    "node_type": "ColumnarToRow",
    "child_nodes": [
      8
    ],
    "whole_stage_codegen_id": null,
    "accumulators": null,
    "details": null
  },
  "6": {
    "node_id": 6,
    "node_type": "Scan",
    "child_nodes": [
      7
    ],
    "whole_stage_codegen_id": null,
    "accumulators": null,
    "details": null
  },
  "11": {
    "node_id": 11,
    "node_type": "LocalLimit",
    "child_nodes": [
      12
    ],
    "whole_stage_codegen_id": null,
    "accumulators": null,
    "details": null
  },
  "10": {
    "node_id": 10,
    "node_type": "ColumnarToRow",
    "child_nodes": [
      11
    ],
    "whole_stage_codegen_id": null,
    "accumulators": null,
    "details": null
  },
  "9": {
    "node_id": 9,
    "node_type": "Scan",
    "child_nodes": [
      10
    ],
    "whole_stage_codegen_id": null,
    "accumulators": null,
    "details": null
  }
}